[2025-05-15 18:55:29,614][root][INFO] - 🚀 Starting ZK Dispatcher Service
[2025-05-15 18:55:29,624][root][INFO] - ✅ Dispatcher gRPC server running on port 50051
[2025-05-15 18:56:12,882][zkInfer][INFO] - 🚀 Starting ZK Dispatcher Service
[2025-05-15 18:56:12,893][zkInfer][INFO] - ✅ Dispatcher gRPC server running on port 50051
[2025-05-15 18:56:15,214][zkInfer][INFO] - 💼 Submitting job 'mnist_classifier' with split_mode='none'
[2025-05-15 18:56:15,229][zk.job_manager][INFO] - Prepared 1 sub-jobs for proving global job mnist_classifier
[2025-05-15 18:56:15,229][zkInfer][INFO] - 🆔 Assigned Job ID: mnist_classifier
[2025-05-15 18:56:15,233][zk.job_manager][INFO] - Heartbeat from e7860fcd-caf8-45c0-af64-8ff271a85d7d | mnist_classifier | 2 - Started
[2025-05-15 18:56:15,261][zk.job_manager][INFO] - Heartbeat from e7860fcd-caf8-45c0-af64-8ff271a85d7d | mnist_classifier | 2 - Proving...
[2025-05-15 18:56:31,801][zk.job_manager][INFO] - Heartbeat from e7860fcd-caf8-45c0-af64-8ff271a85d7d | mnist_classifier | 2 - Proving...
[2025-05-15 18:57:25,758][zk.job_manager][INFO] - Heartbeat from e7860fcd-caf8-45c0-af64-8ff271a85d7d | mnist_classifier | 2 - Proving...
[2025-05-15 18:57:40,805][zk.job_manager][INFO] - Heartbeat from e7860fcd-caf8-45c0-af64-8ff271a85d7d | mnist_classifier | 9 - Done
[2025-05-15 18:57:40,807][grpc._server][ERROR] - Exception calling application: JobManager.submit_sub_job_result() got an unexpected keyword argument 'metrics'
Traceback (most recent call last):
  File "/home/pw/miniconda3/envs/dzkml/lib/python3.10/site-packages/grpc/_server.py", line 610, in _call_behavior
    response_or_iterator = behavior(argument, context)
  File "/home/pw/ezkl-exploration/grpc_api/dispatcher_server.py", line 121, in SubmitSubJobResult
    self.job_manager.submit_sub_job_result(
TypeError: JobManager.submit_sub_job_result() got an unexpected keyword argument 'metrics'
[2025-05-15 18:59:59,494][zkInfer][INFO] - 🚀 Starting ZK Dispatcher Service
[2025-05-15 18:59:59,504][zkInfer][INFO] - ✅ Dispatcher gRPC server running on port 50051
[2025-05-15 19:00:05,879][zkInfer][INFO] - 💼 Submitting job 'mnist_classifier' with split_mode='none'
[2025-05-15 19:00:05,891][zk.job_manager][ERROR] - Error during model preparation: [Errno 2] No such file or directory: 'cache/mnist_classifier/network.onnx'
[2025-05-15 19:00:05,891][grpc._server][ERROR] - Exception calling application: [Errno 2] No such file or directory: 'cache/mnist_classifier/network.onnx'
Traceback (most recent call last):
  File "/home/pw/miniconda3/envs/dzkml/lib/python3.10/site-packages/grpc/_server.py", line 610, in _call_behavior
    response_or_iterator = behavior(argument, context)
  File "/home/pw/ezkl-exploration/grpc_api/dispatcher_server.py", line 34, in SubmitGlobalJob
    job_id = self.job_manager.submit_global_job(
  File "/home/pw/ezkl-exploration/zkInfer/job_manager.py", line 131, in submit_global_job
    job.queue_models_for_proving()
  File "/home/pw/ezkl-exploration/zkInfer/job_manager.py", line 73, in queue_models_for_proving
    self._write_settings(sub_id, self.onnx_model_path, self.input_data_path, get_model_info(self.onnx_model_path), settings_file, header_written)
  File "/home/pw/ezkl-exploration/zkInfer/onnx_splitter.py", line 138, in get_model_info
    model = onnx.load(onnx_model_path)
  File "/home/pw/miniconda3/envs/dzkml/lib/python3.10/site-packages/onnx/__init__.py", line 208, in load_model
    model = _get_serializer(format, f).deserialize_proto(_load_bytes(f), ModelProto())
  File "/home/pw/miniconda3/envs/dzkml/lib/python3.10/site-packages/onnx/__init__.py", line 145, in _load_bytes
    with open(f, "rb") as readable:
FileNotFoundError: [Errno 2] No such file or directory: 'cache/mnist_classifier/network.onnx'
[2025-05-15 19:00:16,043][zkInfer][INFO] - 🚀 Starting ZK Dispatcher Service
[2025-05-15 19:00:16,053][zkInfer][INFO] - ✅ Dispatcher gRPC server running on port 50051
[2025-05-15 19:00:26,452][zkInfer][INFO] - 💼 Submitting job 'mnist_classifier' with split_mode='none'
[2025-05-15 19:00:26,463][zk.job_manager][ERROR] - Error during model preparation: [Errno 2] No such file or directory: 'cache/mnist_classifier/network.onnx'
[2025-05-15 19:00:26,463][grpc._server][ERROR] - Exception calling application: [Errno 2] No such file or directory: 'cache/mnist_classifier/network.onnx'
Traceback (most recent call last):
  File "/home/pw/miniconda3/envs/dzkml/lib/python3.10/site-packages/grpc/_server.py", line 610, in _call_behavior
    response_or_iterator = behavior(argument, context)
  File "/home/pw/ezkl-exploration/grpc_api/dispatcher_server.py", line 34, in SubmitGlobalJob
    job_id = self.job_manager.submit_global_job(
  File "/home/pw/ezkl-exploration/zkInfer/job_manager.py", line 131, in submit_global_job
    job.queue_models_for_proving()
  File "/home/pw/ezkl-exploration/zkInfer/job_manager.py", line 73, in queue_models_for_proving
    self._write_settings(sub_id, self.onnx_model_path, self.input_data_path, get_model_info(self.onnx_model_path), settings_file, header_written)
  File "/home/pw/ezkl-exploration/zkInfer/onnx_splitter.py", line 138, in get_model_info
    model = onnx.load(onnx_model_path)
  File "/home/pw/miniconda3/envs/dzkml/lib/python3.10/site-packages/onnx/__init__.py", line 208, in load_model
    model = _get_serializer(format, f).deserialize_proto(_load_bytes(f), ModelProto())
  File "/home/pw/miniconda3/envs/dzkml/lib/python3.10/site-packages/onnx/__init__.py", line 145, in _load_bytes
    with open(f, "rb") as readable:
FileNotFoundError: [Errno 2] No such file or directory: 'cache/mnist_classifier/network.onnx'
[2025-05-15 19:01:43,566][zkInfer][INFO] - 🚀 Starting ZK Dispatcher Service
[2025-05-15 19:01:43,575][zkInfer][INFO] - ✅ Dispatcher gRPC server running on port 50051
[2025-05-15 19:01:47,846][zkInfer][INFO] - 💼 Submitting job 'mnist_classifier' with split_mode='none'
[2025-05-15 19:01:47,853][zk.job_manager][ERROR] - Error during model preparation: [Errno 2] No such file or directory: 'cache/mnist_classifier/network.onnx'
[2025-05-15 19:01:47,853][grpc._server][ERROR] - Exception calling application: [Errno 2] No such file or directory: 'cache/mnist_classifier/network.onnx'
Traceback (most recent call last):
  File "/home/pw/miniconda3/envs/dzkml/lib/python3.10/site-packages/grpc/_server.py", line 610, in _call_behavior
    response_or_iterator = behavior(argument, context)
  File "/home/pw/ezkl-exploration/grpc_api/dispatcher_server.py", line 34, in SubmitGlobalJob
    job_id = self.job_manager.submit_global_job(
  File "/home/pw/ezkl-exploration/zkInfer/job_manager.py", line 131, in submit_global_job
    job.queue_models_for_proving()
  File "/home/pw/ezkl-exploration/zkInfer/job_manager.py", line 73, in queue_models_for_proving
    self._write_settings(sub_id, self.onnx_model_path, self.input_data_path, get_model_info(self.onnx_model_path), settings_file, header_written)
  File "/home/pw/ezkl-exploration/zkInfer/onnx_splitter.py", line 138, in get_model_info
    model = onnx.load(onnx_model_path)
  File "/home/pw/miniconda3/envs/dzkml/lib/python3.10/site-packages/onnx/__init__.py", line 208, in load_model
    model = _get_serializer(format, f).deserialize_proto(_load_bytes(f), ModelProto())
  File "/home/pw/miniconda3/envs/dzkml/lib/python3.10/site-packages/onnx/__init__.py", line 145, in _load_bytes
    with open(f, "rb") as readable:
FileNotFoundError: [Errno 2] No such file or directory: 'cache/mnist_classifier/network.onnx'
[2025-05-15 19:02:13,083][zkInfer][INFO] - 💼 Submitting job 'mnist_classifier' with split_mode='none'
[2025-05-15 19:04:52,173][zkInfer][INFO] - 🚀 Starting ZK Dispatcher Service
[2025-05-15 19:04:52,184][zkInfer][INFO] - ✅ Dispatcher gRPC server running on port 50051
[2025-05-15 19:04:59,154][zkInfer][INFO] - 💼 Submitting job 'mnist_classifier' with split_mode='none'
[2025-05-15 19:05:07,240][zk.job_manager][INFO] - Prepared 1 sub-jobs for proving global job mnist_classifier
[2025-05-15 19:05:07,241][zkInfer][INFO] - 🆔 Assigned Job ID: mnist_classifier
[2025-05-15 19:05:07,245][zk.job_manager][INFO] - Heartbeat from d992a3d6-dce7-4ecf-9eaf-b413af945269 | mnist_classifier | 2 - Started
[2025-05-15 19:05:07,248][zk.job_manager][INFO] - Heartbeat from d992a3d6-dce7-4ecf-9eaf-b413af945269 | mnist_classifier | 2 - Proving...
[2025-05-15 19:05:22,682][zk.job_manager][INFO] - Heartbeat from d992a3d6-dce7-4ecf-9eaf-b413af945269 | mnist_classifier | 2 - Proving...
[2025-05-15 19:06:03,577][zk.job_manager][INFO] - Heartbeat from d992a3d6-dce7-4ecf-9eaf-b413af945269 | mnist_classifier | 2 - Proving...
[2025-05-15 19:06:33,296][zk.job_manager][INFO] - Heartbeat from d992a3d6-dce7-4ecf-9eaf-b413af945269 | mnist_classifier | 2 - Proving...
[2025-05-15 19:07:25,049][zk.job_manager][INFO] - Heartbeat from d992a3d6-dce7-4ecf-9eaf-b413af945269 | mnist_classifier | 2 - Proving...
[2025-05-15 19:07:40,085][zk.job_manager][INFO] - Heartbeat from d992a3d6-dce7-4ecf-9eaf-b413af945269 | mnist_classifier | 9 - Done
[2025-05-15 19:07:40,087][grpc._server][ERROR] - Exception calling application: JobManager.submit_sub_job_result() got an unexpected keyword argument 'metrics'
Traceback (most recent call last):
  File "/home/pw/miniconda3/envs/dzkml/lib/python3.10/site-packages/grpc/_server.py", line 610, in _call_behavior
    response_or_iterator = behavior(argument, context)
  File "/home/pw/ezkl-exploration/grpc_api/dispatcher_server.py", line 121, in SubmitSubJobResult
    self.job_manager.submit_sub_job_result(
TypeError: JobManager.submit_sub_job_result() got an unexpected keyword argument 'metrics'
[2025-05-15 19:08:32,626][zkInfer][INFO] - 💼 Submitting job 'mnist_gan' with split_mode='auto'
[2025-05-15 19:09:51,424][zkInfer][INFO] - 🚀 Starting ZK Dispatcher Service
[2025-05-15 19:09:51,438][zkInfer][INFO] - ✅ Dispatcher gRPC server running on port 50051
[2025-05-15 19:09:59,533][zkInfer][INFO] - 💼 Submitting job 'mnist_gan' with split_mode='auto'
[2025-05-15 19:10:14,819][zk.job_manager][INFO] - Prepared 12 sub-jobs for proving global job mnist_gan
[2025-05-15 19:10:14,820][zkInfer][INFO] - 🆔 Assigned Job ID: mnist_gan
[2025-05-15 19:10:14,823][zk.job_manager][INFO] - Heartbeat from 5b03acf5-e06f-4311-a10d-09e2a744cfee | mnist_gan_split_model_1 | 2 - Started
[2025-05-15 19:10:14,890][zk.job_manager][INFO] - Heartbeat from 5b03acf5-e06f-4311-a10d-09e2a744cfee | mnist_gan_split_model_1 | 2 - Proving...
[2025-05-15 19:10:32,594][zk.job_manager][INFO] - Heartbeat from 5b03acf5-e06f-4311-a10d-09e2a744cfee | mnist_gan_split_model_1 | 2 - Proving...
[2025-05-15 19:10:51,028][zk.job_manager][INFO] - Heartbeat from 5b03acf5-e06f-4311-a10d-09e2a744cfee | mnist_gan_split_model_1 | 2 - Proving...
[2025-05-15 19:11:08,099][zk.job_manager][INFO] - Heartbeat from 5b03acf5-e06f-4311-a10d-09e2a744cfee | mnist_gan_split_model_1 | 2 - Proving...
[2025-05-15 19:11:35,435][zk.job_manager][INFO] - Heartbeat from 5b03acf5-e06f-4311-a10d-09e2a744cfee | mnist_gan_split_model_1 | 2 - Proving...
[2025-05-15 19:11:50,468][zk.job_manager][INFO] - Heartbeat from 5b03acf5-e06f-4311-a10d-09e2a744cfee | mnist_gan_split_model_1 | 9 - Done
[2025-05-15 19:12:39,979][zkInfer][INFO] - 🚀 Starting ZK Dispatcher Service
[2025-05-15 19:12:39,989][zkInfer][INFO] - ✅ Dispatcher gRPC server running on port 50051
[2025-05-15 19:12:56,582][zkInfer][INFO] - 💼 Submitting job 'mnist_classifier' with split_mode='none'
[2025-05-15 19:12:57,770][zk.job_manager][INFO] - Prepared 1 sub-jobs for proving global job mnist_classifier
[2025-05-15 19:12:57,771][zkInfer][INFO] - 🆔 Assigned Job ID: mnist_classifier
[2025-05-15 19:12:57,774][zk.job_manager][INFO] - Heartbeat from 32c50134-4709-4d9b-bffe-9bc116e7e714 | mnist_classifier | 2 - Started
[2025-05-15 19:12:57,803][zk.job_manager][INFO] - Heartbeat from 32c50134-4709-4d9b-bffe-9bc116e7e714 | mnist_classifier | 2 - Proving...
[2025-05-15 19:13:14,089][zk.job_manager][INFO] - Heartbeat from 32c50134-4709-4d9b-bffe-9bc116e7e714 | mnist_classifier | 2 - Proving...
[2025-05-15 19:13:30,838][zk.job_manager][INFO] - Heartbeat from 32c50134-4709-4d9b-bffe-9bc116e7e714 | mnist_classifier | 2 - Proving...
[2025-06-09 10:27:15,850][zkInfer][INFO] - 🚀 Starting ZK Dispatcher Service
[2025-06-09 10:27:15,876][zkInfer][INFO] - ✅ Dispatcher gRPC server running on port 50051
[2025-06-09 10:28:34,252][zkInfer][INFO] - 💼 Submitting job 'mnist_classifier' with split_mode='none'
[2025-06-09 10:28:34,302][zk.job_manager][INFO] - Prepared 1 sub-jobs for proving global job mnist_classifier
[2025-06-09 10:28:34,302][zkInfer][INFO] - 🆔 Assigned Job ID: mnist_classifier
[2025-06-09 10:28:34,306][zk.job_manager][INFO] - Heartbeat from 120930bd-4e0e-4831-8da1-7d5642a1ce86 | mnist_classifier | 2 - Started
[2025-06-09 10:28:34,339][zk.job_manager][INFO] - Heartbeat from 120930bd-4e0e-4831-8da1-7d5642a1ce86 | mnist_classifier | 2 - Proving...
[2025-06-09 10:28:50,456][zk.job_manager][INFO] - Heartbeat from 120930bd-4e0e-4831-8da1-7d5642a1ce86 | mnist_classifier | 2 - Proving...
[2025-06-09 10:29:43,082][zk.job_manager][INFO] - Heartbeat from 120930bd-4e0e-4831-8da1-7d5642a1ce86 | mnist_classifier | 2 - Proving...
[2025-06-09 10:29:58,117][zk.job_manager][INFO] - Heartbeat from 120930bd-4e0e-4831-8da1-7d5642a1ce86 | mnist_classifier | 9 - Done
[2025-06-09 10:29:58,120][zk.job_manager][INFO] - ✅ Sub-job mnist_classifier marked COMPLETED
[2025-06-09 10:29:58,120][zk.job_manager][INFO] - 🏁 Job mnist_classifier COMPLETED
[2025-06-09 10:54:18,885][zkInfer][INFO] - 🚀 Starting ZK Dispatcher Service
[2025-06-09 10:54:18,899][zkInfer][INFO] - ✅ Dispatcher gRPC server running on port 50051
[2025-06-09 10:54:33,164][zkInfer][INFO] - 💼 Submitting job 'mnist_classifier' with split_mode='none'
[2025-06-09 10:54:33,186][zk.job_manager][INFO] - Prepared 1 sub-jobs for proving global job mnist_classifier
[2025-06-09 10:54:33,187][zkInfer][INFO] - 🆔 Assigned Job ID: mnist_classifier
[2025-06-09 10:54:33,192][zk.job_manager][INFO] - Heartbeat from 7b13bc2c-0411-4ed1-9a14-ab745f41cab9 | mnist_classifier | 2 - Started
[2025-06-09 10:54:33,203][zk.job_manager][INFO] - Heartbeat from 7b13bc2c-0411-4ed1-9a14-ab745f41cab9 | mnist_classifier | 2 - Proving...
[2025-06-09 10:54:49,063][zk.job_manager][INFO] - Heartbeat from 7b13bc2c-0411-4ed1-9a14-ab745f41cab9 | mnist_classifier | 2 - Proving...
[2025-06-09 10:55:05,246][zk.job_manager][INFO] - Heartbeat from 7b13bc2c-0411-4ed1-9a14-ab745f41cab9 | mnist_classifier | 2 - Proving...
[2025-06-09 10:55:44,234][zk.job_manager][INFO] - Heartbeat from 7b13bc2c-0411-4ed1-9a14-ab745f41cab9 | mnist_classifier | 2 - Proving...
[2025-06-09 10:56:01,299][zk.job_manager][INFO] - Heartbeat from 7b13bc2c-0411-4ed1-9a14-ab745f41cab9 | mnist_classifier | 9 - Done
[2025-06-09 11:04:42,657][zkInfer][INFO] - 🚀 Starting ZK Dispatcher Service
[2025-06-09 11:04:42,669][zkInfer][INFO] - ✅ Dispatcher gRPC server running on port 50051
[2025-06-09 11:04:55,656][zkInfer][INFO] - 💼 Submitting job 'mnist_classifier' with split_mode='none'
[2025-06-09 11:04:55,676][zk.job_manager][INFO] - Prepared 1 sub-jobs for proving global job mnist_classifier
[2025-06-09 11:04:55,676][zkInfer][INFO] - 🆔 Assigned Job ID: mnist_classifier
[2025-06-09 11:04:55,679][zk.job_manager][INFO] - Heartbeat from 1c75614f-9d22-4269-93d6-ed30f884ab23 | mnist_classifier | 2 - Started
[2025-06-09 11:04:55,687][zk.job_manager][INFO] - Heartbeat from 1c75614f-9d22-4269-93d6-ed30f884ab23 | mnist_classifier | 2 - Proving...
[2025-06-09 11:06:16,756][zkInfer][INFO] - 🚀 Starting ZK Dispatcher Service
[2025-06-09 11:06:16,768][zkInfer][INFO] - ✅ Dispatcher gRPC server running on port 50051
[2025-06-09 11:06:26,170][zkInfer][INFO] - 💼 Submitting job 'mnist_classifier' with split_mode='none'
[2025-06-09 11:06:26,181][zk.job_manager][INFO] - Prepared 1 sub-jobs for proving global job mnist_classifier
[2025-06-09 11:06:26,181][zkInfer][INFO] - 🆔 Assigned Job ID: mnist_classifier
[2025-06-09 11:06:26,185][zk.job_manager][INFO] - Heartbeat from d03ba10a-5625-4008-90e4-2a0021d70767 | mnist_classifier | 2 - Started
[2025-06-09 11:06:26,223][zk.job_manager][INFO] - Heartbeat from d03ba10a-5625-4008-90e4-2a0021d70767 | mnist_classifier | 2 - Proving...
[2025-06-09 11:06:42,955][zk.job_manager][INFO] - Heartbeat from d03ba10a-5625-4008-90e4-2a0021d70767 | mnist_classifier | 2 - Proving...
[2025-06-09 11:07:39,642][zkInfer][INFO] - 🚀 Starting ZK Dispatcher Service
[2025-06-09 11:07:39,659][zkInfer][INFO] - ✅ Dispatcher gRPC server running on port 50051
[2025-06-09 11:07:49,077][zkInfer][INFO] - 💼 Submitting job 'mnist_classifier' with split_mode='none'
[2025-06-09 11:07:49,090][zk.job_manager][INFO] - Prepared 1 sub-jobs for proving global job mnist_classifier
[2025-06-09 11:07:49,090][zkInfer][INFO] - 🆔 Assigned Job ID: mnist_classifier
[2025-06-09 11:07:49,095][zk.job_manager][INFO] - Heartbeat from 81135746-b796-4733-84ef-07ff32228dc8 | mnist_classifier | 2 - Started
[2025-06-09 11:07:49,100][zk.job_manager][INFO] - Heartbeat from 81135746-b796-4733-84ef-07ff32228dc8 | mnist_classifier | 2 - Proving...
[2025-06-09 11:08:04,233][zk.job_manager][INFO] - Heartbeat from 81135746-b796-4733-84ef-07ff32228dc8 | mnist_classifier | 2 - Proving...
[2025-06-09 11:08:21,713][zk.job_manager][INFO] - Heartbeat from 81135746-b796-4733-84ef-07ff32228dc8 | mnist_classifier | 2 - Proving...
[2025-06-09 11:09:36,530][zk.job_manager][INFO] - Heartbeat from 81135746-b796-4733-84ef-07ff32228dc8 | mnist_classifier | 2 - Proving...
[2025-06-09 11:09:52,573][zk.job_manager][INFO] - Heartbeat from 81135746-b796-4733-84ef-07ff32228dc8 | mnist_classifier | 9 - Done
[2025-06-09 11:12:34,750][zkInfer][INFO] - 🚀 Starting ZK Dispatcher Service
[2025-06-09 11:12:34,763][zkInfer][INFO] - ✅ Dispatcher gRPC server running on port 50051
[2025-06-09 11:12:56,443][zkInfer][INFO] - 💼 Submitting job 'mnist_classifier' with split_mode='none'
[2025-06-09 11:12:56,454][zk.job_manager][INFO] - Prepared 1 sub-jobs for proving global job mnist_classifier
[2025-06-09 11:12:56,454][zkInfer][INFO] - 🆔 Assigned Job ID: mnist_classifier
[2025-06-09 11:12:56,458][zk.job_manager][INFO] - Heartbeat from 51241f0f-bae4-48b3-bb38-a083aaaa1850 | mnist_classifier | 2 - Started
[2025-06-09 11:12:56,497][zk.job_manager][INFO] - Heartbeat from 51241f0f-bae4-48b3-bb38-a083aaaa1850 | mnist_classifier | 2 - Proving...
[2025-06-09 11:13:12,406][zk.job_manager][INFO] - Heartbeat from 51241f0f-bae4-48b3-bb38-a083aaaa1850 | mnist_classifier | 2 - Proving...
[2025-06-09 11:14:06,091][zk.job_manager][INFO] - Heartbeat from 51241f0f-bae4-48b3-bb38-a083aaaa1850 | mnist_classifier | 2 - Proving...
[2025-06-09 11:14:10,221][zkInfer][INFO] - 🚀 Starting ZK Dispatcher Service
[2025-06-09 11:14:10,232][zkInfer][INFO] - ✅ Dispatcher gRPC server running on port 50051
[2025-06-09 11:14:12,925][zkInfer][INFO] - 💼 Submitting job 'mnist_classifier' with split_mode='none'
[2025-06-09 11:14:12,940][zk.job_manager][INFO] - Prepared 1 sub-jobs for proving global job mnist_classifier
[2025-06-09 11:14:12,941][zkInfer][INFO] - 🆔 Assigned Job ID: mnist_classifier
[2025-06-09 11:14:12,945][zk.job_manager][INFO] - Heartbeat from 1cf2e2eb-aceb-4850-bbc1-3d861801d895 | mnist_classifier | 2 - Started
[2025-06-09 11:14:12,949][zk.job_manager][INFO] - Heartbeat from 1cf2e2eb-aceb-4850-bbc1-3d861801d895 | mnist_classifier | 2 - Proving...
[2025-06-09 11:14:28,227][zk.job_manager][INFO] - Heartbeat from 1cf2e2eb-aceb-4850-bbc1-3d861801d895 | mnist_classifier | 2 - Proving...
[2025-06-09 11:14:46,061][zk.job_manager][INFO] - Heartbeat from 1cf2e2eb-aceb-4850-bbc1-3d861801d895 | mnist_classifier | 2 - Proving...
[2025-06-09 11:16:05,360][zk.job_manager][INFO] - Heartbeat from 1cf2e2eb-aceb-4850-bbc1-3d861801d895 | mnist_classifier | 2 - Proving...
[2025-06-09 11:16:20,430][zk.job_manager][INFO] - Heartbeat from 1cf2e2eb-aceb-4850-bbc1-3d861801d895 | mnist_classifier | 9 - Done
[2025-06-09 11:16:20,432][zk.job_manager][INFO] - ✅ Sub-job mnist_classifier marked COMPLETED
[2025-06-09 11:16:20,432][zk.job_manager][INFO] - 🏁 Job mnist_classifier COMPLETED
[2025-06-09 11:21:19,770][zkInfer][INFO] - 🚀 Starting ZK Dispatcher Service
[2025-06-09 11:21:19,784][zkInfer][INFO] - ✅ Dispatcher gRPC server running on port 50051
[2025-06-09 11:21:25,005][zkInfer][INFO] - 💼 Submitting job 'mnist_classifier' with split_mode='none'
[2025-06-09 11:21:25,024][zk.job_manager][INFO] - Prepared 1 sub-jobs for proving global job mnist_classifier
[2025-06-09 11:21:25,024][zkInfer][INFO] - 🆔 Assigned Job ID: mnist_classifier
[2025-06-09 11:21:25,030][zk.job_manager][INFO] - Heartbeat from 3a2dd8ef-0a70-4084-bdcc-bdf0bd7c15e9 | mnist_classifier | 2 - Started
[2025-06-09 11:21:25,042][zk.job_manager][INFO] - Heartbeat from 3a2dd8ef-0a70-4084-bdcc-bdf0bd7c15e9 | mnist_classifier | 2 - Proving...
[2025-06-09 11:21:42,201][zk.job_manager][INFO] - Heartbeat from 3a2dd8ef-0a70-4084-bdcc-bdf0bd7c15e9 | mnist_classifier | 2 - Proving...
[2025-06-09 11:22:01,967][zk.job_manager][INFO] - Heartbeat from 3a2dd8ef-0a70-4084-bdcc-bdf0bd7c15e9 | mnist_classifier | 2 - Proving...
[2025-06-09 11:22:20,773][zk.job_manager][INFO] - Heartbeat from 3a2dd8ef-0a70-4084-bdcc-bdf0bd7c15e9 | mnist_classifier | 2 - Proving...
[2025-06-09 11:25:04,464][zkInfer][INFO] - 💼 Submitting job 'mnist_classifier' with split_mode='none'
[2025-06-09 11:25:04,475][zk.job_manager][INFO] - Prepared 1 sub-jobs for proving global job mnist_classifier
[2025-06-09 11:25:04,476][zkInfer][INFO] - 🆔 Assigned Job ID: mnist_classifier
[2025-06-09 11:25:04,481][zk.job_manager][INFO] - Heartbeat from b87095eb-da3c-4de4-8f1b-1ac476298fdb | mnist_classifier | 2 - Started
[2025-06-09 11:25:04,491][zk.job_manager][INFO] - Heartbeat from b87095eb-da3c-4de4-8f1b-1ac476298fdb | mnist_classifier | 2 - Proving...
[2025-06-09 11:25:21,546][zk.job_manager][INFO] - Heartbeat from b87095eb-da3c-4de4-8f1b-1ac476298fdb | mnist_classifier | 2 - Proving...
[2025-06-09 11:25:42,215][zk.job_manager][INFO] - Heartbeat from b87095eb-da3c-4de4-8f1b-1ac476298fdb | mnist_classifier | 2 - Proving...
[2025-06-09 11:26:02,479][zk.job_manager][INFO] - Heartbeat from b87095eb-da3c-4de4-8f1b-1ac476298fdb | mnist_classifier | 2 - Proving...
[2025-06-09 11:26:48,127][zkInfer][INFO] - 🚀 Starting ZK Dispatcher Service
[2025-06-09 11:26:48,152][zkInfer][INFO] - ✅ Dispatcher gRPC server running on port 50051
[2025-06-09 11:27:00,948][zkInfer][INFO] - 💼 Submitting job 'mnist_classifier' with split_mode='none'
[2025-06-09 11:27:00,969][zk.job_manager][INFO] - Prepared 1 sub-jobs for proving global job mnist_classifier
[2025-06-09 11:27:00,969][zkInfer][INFO] - 🆔 Assigned Job ID: mnist_classifier
[2025-06-09 11:27:00,974][zk.job_manager][INFO] - Heartbeat from 28b6d483-1e39-4981-9841-9106fdf4cae7 | mnist_classifier | 2 - Started
[2025-06-09 11:27:01,020][zk.job_manager][INFO] - Heartbeat from 28b6d483-1e39-4981-9841-9106fdf4cae7 | mnist_classifier | 2 - Proving...
[2025-06-09 11:27:17,616][zk.job_manager][INFO] - Heartbeat from 28b6d483-1e39-4981-9841-9106fdf4cae7 | mnist_classifier | 2 - Proving...
[2025-06-09 11:27:36,597][zk.job_manager][INFO] - Heartbeat from 28b6d483-1e39-4981-9841-9106fdf4cae7 | mnist_classifier | 2 - Proving...
[2025-06-09 11:27:54,461][zk.job_manager][INFO] - Heartbeat from 28b6d483-1e39-4981-9841-9106fdf4cae7 | mnist_classifier | 2 - Proving...
[2025-06-09 11:29:18,177][zk.job_manager][INFO] - Heartbeat from 28b6d483-1e39-4981-9841-9106fdf4cae7 | mnist_classifier | 2 - Proving...
[2025-06-09 11:29:33,230][zk.job_manager][INFO] - Heartbeat from 28b6d483-1e39-4981-9841-9106fdf4cae7 | mnist_classifier | 9 - Done
[2025-06-09 11:29:33,231][zk.job_manager][INFO] - ✅ Sub-job mnist_classifier marked COMPLETED
[2025-06-09 11:29:33,231][zk.job_manager][INFO] - 🏁 Job mnist_classifier COMPLETED
[2025-06-09 11:36:48,732][zkInfer][INFO] - 🚀 Starting ZK Dispatcher Service
[2025-06-09 11:36:48,747][zkInfer][INFO] - ✅ Dispatcher gRPC server running on port 50051
[2025-06-09 11:36:52,769][zkInfer][INFO] - 💼 Submitting job 'mnist_classifier' with split_mode='none'
[2025-06-09 11:36:52,783][zk.job_manager][INFO] - Prepared 1 sub-jobs for proving global job mnist_classifier
[2025-06-09 11:36:52,784][zkInfer][INFO] - 🆔 Assigned Job ID: mnist_classifier
[2025-06-09 11:36:52,791][zk.job_manager][INFO] - Heartbeat from 23adecc1-d1e7-414a-a3a8-ad371eda0151 | mnist_classifier | 2 - Started
[2025-06-09 11:36:52,798][zk.job_manager][INFO] - Heartbeat from 23adecc1-d1e7-414a-a3a8-ad371eda0151 | mnist_classifier | 2 - Proving...
[2025-06-09 11:37:09,928][zk.job_manager][INFO] - Heartbeat from 23adecc1-d1e7-414a-a3a8-ad371eda0151 | mnist_classifier | 2 - Proving...
[2025-06-09 11:37:26,733][zk.job_manager][INFO] - Heartbeat from 23adecc1-d1e7-414a-a3a8-ad371eda0151 | mnist_classifier | 2 - Proving...
[2025-06-09 11:37:42,990][zk.job_manager][INFO] - Heartbeat from 23adecc1-d1e7-414a-a3a8-ad371eda0151 | mnist_classifier | 2 - Proving...
[2025-06-09 11:38:02,567][zk.job_manager][INFO] - Heartbeat from 23adecc1-d1e7-414a-a3a8-ad371eda0151 | mnist_classifier | 2 - Proving...
